(00.074493) cuda_plugin: initialized: cuda_plugin stage 2
(00.075138) Restoring 205 memfd inodes on 8 threads
(19.900650)    148: Restoring memfd id=230
(19.900663)    148: Restoring memfd id=231
(19.900674)    148: Restoring memfd id=232
(19.900684)    148: Restoring memfd id=233
(19.900692)    148: Restoring memfd id=234
(19.900703)    148: Restoring memfd id=235
(19.900712)    148: Restoring memfd id=236
(19.900720)    148: Restoring memfd id=237
(19.900728)    148: Restoring memfd id=238
(19.900741)    148: Restoring memfd id=239
(19.900755)    148: Restoring memfd id=240
(19.900763)    148: Restoring memfd id=241
(19.900771)    148: Restoring memfd id=242
(19.900781)    148: Restoring memfd id=243
(19.900790)    148: Restoring memfd id=244
(19.900798)    148: Restoring memfd id=245
(19.900807)    148: Restoring memfd id=246
(19.900815)    148: Restoring memfd id=247
(19.900823)    148: Restoring memfd id=248
(19.900832)    148: Restoring memfd id=249
(19.900840)    148: Restoring memfd id=250
(19.900904)    148: Restoring memfd id=251
(19.900912)    148: Restoring memfd id=252
(19.900920)    148: Restoring memfd id=253
(19.900928)    148: Restoring memfd id=254
(19.900936)    148: Restoring memfd id=255
(19.900945)    148: Restoring memfd id=256
(19.900954)    148: Restoring memfd id=257
(19.900963)    148: Restoring memfd id=258
(19.900971)    148: Restoring memfd id=259
(19.900980)    148: Restoring memfd id=260
(19.900994)    148: Restoring memfd id=261
(19.901005)    148: Restoring memfd id=262
(19.901018)    148: Restoring memfd id=263
(19.901029)    148: Restoring memfd id=264
(19.901040)    148: Restoring memfd id=265
(19.901049)    148: Restoring memfd id=266
(19.901058)    148: Restoring memfd id=267
(19.901067)    148: Restoring memfd id=268
(19.901075)    148: Restoring memfd id=269
(19.901089)    148: Restoring memfd id=270
(19.901097)    148: Restoring memfd id=271
(19.901106)    148: Restoring memfd id=272
(19.901114)    148: Restoring memfd id=273
(19.901122)    148: Restoring memfd id=274
(19.901135)    148: Restoring memfd id=275
(19.901144)    148: Restoring memfd id=276
(19.901153)    148: Restoring memfd id=277
(19.901161)    148: Restoring memfd id=278
(19.901170)    148: Restoring memfd id=279
(19.901179)    148: Restoring memfd id=280
(19.901188)    148: Restoring memfd id=281
(19.901199)    148: Restoring memfd id=282
(19.901208)    148: Restoring memfd id=283
(19.901217)    148: Restoring memfd id=284
(19.901266)    148: Restoring memfd id=285
(19.901285)    148: Restoring memfd id=286
(19.901296)    148: Restoring memfd id=287
(19.901305)    148: Restoring memfd id=288
(19.901316)    148: Restoring memfd id=289
(19.901327)    148: Restoring memfd id=290
(19.901339)    148: Restoring memfd id=291
(19.901348)    148: Restoring memfd id=292
(19.901357)    148: Restoring memfd id=293
(19.901366)    148: Restoring memfd id=294
(19.901374)    148: Restoring memfd id=295
(19.901382)    148: Restoring memfd id=296
(19.901394)    148: Restoring memfd id=297
(19.901404)    148: Restoring memfd id=298
(19.901412)    148: Restoring memfd id=299
(19.901421)    148: Restoring memfd id=300
(19.901430)    148: Restoring memfd id=301
(19.901439)    148: Restoring memfd id=302
(19.901448)    148: Restoring memfd id=303
(19.901459)    148: Restoring memfd id=304
(19.901468)    148: Restoring memfd id=305
(19.901478)    148: Restoring memfd id=306
(19.901487)    148: Restoring memfd id=307
(19.901496)    148: Restoring memfd id=308
(19.901505)    148: Restoring memfd id=309
(19.901521)    148: Restoring memfd id=310
(19.901529)    148: Restoring memfd id=311
(19.901542)    148: Restoring memfd id=312
(19.901550)    148: Restoring memfd id=313
(19.901559)    148: Restoring memfd id=314
(19.901567)    148: Restoring memfd id=315
(19.901576)    148: Restoring memfd id=316
(19.901585)    148: Restoring memfd id=317
(19.901594)    148: Restoring memfd id=318
(19.901602)    148: Restoring memfd id=319
(19.901611)    148: Restoring memfd id=320
(19.901622)    148: Restoring memfd id=321
(19.901631)    148: Restoring memfd id=322
(19.901640)    148: Restoring memfd id=323
(19.901649)    148: Restoring memfd id=324
(19.901657)    148: Restoring memfd id=325
(19.901666)    148: Restoring memfd id=326
(19.901679)    148: Restoring memfd id=327
(19.901690)    148: Restoring memfd id=328
(19.901699)    148: Restoring memfd id=329
(19.901709)    148: Restoring memfd id=330
(19.901717)    148: Restoring memfd id=331
(19.901726)    148: Restoring memfd id=332
(19.901734)    148: Restoring memfd id=333
(19.901743)    148: Restoring memfd id=334
(19.901751)    148: Restoring memfd id=335
(19.901759)    148: Restoring memfd id=336
(19.901768)    148: Restoring memfd id=337
(19.901777)    148: Restoring memfd id=338
(19.901785)    148: Restoring memfd id=339
(19.901793)    148: Restoring memfd id=340
(19.901802)    148: Restoring memfd id=341
(19.901811)    148: Restoring memfd id=342
(19.901819)    148: Restoring memfd id=343
(19.901828)    148: Restoring memfd id=344
(19.901836)    148: Restoring memfd id=345
(19.901845)    148: Restoring memfd id=346
(19.901853)    148: Restoring memfd id=347
(19.901862)    148: Restoring memfd id=348
(19.901873)    148: Restoring memfd id=349
(19.901882)    148: Restoring memfd id=350
(19.901891)    148: Restoring memfd id=351
(19.901900)    148: Restoring memfd id=352
(19.901908)    148: Restoring memfd id=353
(19.901917)    148: Restoring memfd id=354
(19.901926)    148: Restoring memfd id=355
(19.901938)    148: Restoring memfd id=356
(19.901946)    148: Restoring memfd id=357
(19.901955)    148: Restoring memfd id=358
(19.901963)    148: Restoring memfd id=359
(19.901972)    148: Restoring memfd id=360
(19.901981)    148: Restoring memfd id=361
(19.901991)    148: Restoring memfd id=362
(19.902000)    148: Restoring memfd id=363
(19.902009)    148: Restoring memfd id=364
(19.902018)    148: Restoring memfd id=365
(19.902026)    148: Restoring memfd id=366
(19.902035)    148: Restoring memfd id=367
(19.902044)    148: Restoring memfd id=368
(19.902052)    148: Restoring memfd id=369
(19.902061)    148: Restoring memfd id=370
(19.902070)    148: Restoring memfd id=371
(19.902078)    148: Restoring memfd id=372
(19.902087)    148: Restoring memfd id=373
(19.902096)    148: Restoring memfd id=374
(19.902104)    148: Restoring memfd id=375
(19.902113)    148: Restoring memfd id=376
(19.902122)    148: Restoring memfd id=377
(19.902131)    148: Restoring memfd id=378
(19.902140)    148: Restoring memfd id=379
(19.902149)    148: Restoring memfd id=380
(19.902159)    148: Restoring memfd id=381
(19.902169)    148: Restoring memfd id=382
(19.902183)    148: Restoring memfd id=383
(19.902192)    148: Restoring memfd id=384
(19.902205)    148: Restoring memfd id=385
(19.902214)    148: Restoring memfd id=386
(19.902223)    148: Restoring memfd id=387
(19.902232)    148: Restoring memfd id=388
(19.902241)    148: Restoring memfd id=389
(19.902267)    148: Restoring memfd id=390
(19.902278)    148: Restoring memfd id=391
(19.902288)    148: Restoring memfd id=392
(19.902298)    148: Restoring memfd id=393
(19.902307)    148: Restoring memfd id=394
(19.902321)    148: Restoring memfd id=395
(19.902332)    148: Restoring memfd id=396
(19.902344)    148: Restoring memfd id=397
(19.902354)    148: Restoring memfd id=398
(19.902369)    148: Restoring memfd id=399
(19.902380)    148: Restoring memfd id=400
(19.902389)    148: Restoring memfd id=401
(19.902400)    148: Restoring memfd id=402
(19.902409)    148: Restoring memfd id=403
(19.902418)    148: Restoring memfd id=404
(19.902427)    148: Restoring memfd id=405
(19.902436)    148: Restoring memfd id=406
(19.902445)    148: Restoring memfd id=407
(19.902455)    148: Restoring memfd id=408
(19.902464)    148: Restoring memfd id=409
(19.902474)    148: Restoring memfd id=410
(19.902484)    148: Restoring memfd id=411
(19.902493)    148: Restoring memfd id=412
(19.902502)    148: Restoring memfd id=413
(19.902512)    148: Restoring memfd id=414
(19.902524)    148: Restoring memfd id=415
(19.902534)    148: Restoring memfd id=416
(19.902544)    148: Restoring memfd id=417
(19.902553)    148: Restoring memfd id=418
(19.902562)    148: Restoring memfd id=419
(19.902571)    148: Restoring memfd id=420
(19.902580)    148: Restoring memfd id=421
(19.902589)    148: Restoring memfd id=422
(19.902597)    148: Restoring memfd id=423
(19.902607)    148: Restoring memfd id=424
(19.902615)    148: Restoring memfd id=425
(19.902625)    148: Restoring memfd id=426
(19.902633)    148: Restoring memfd id=427
(19.902642)    148: Restoring memfd id=428
(19.902651)    148: Restoring memfd id=429
(19.903301)    148: Restoring memfd id=431
(19.903323)    148: Restoring memfd id=432
(19.903333)    148: Restoring memfd id=433
(19.903342)    148: Restoring memfd id=434
(19.903351)    148: Restoring memfd id=435
(35.858622) Restore finished successfully. Tasks resumed.
(35.858979) cuda_plugin: finished cuda_plugin stage 2 err 0
